[debug] [2026-09-19T17:02:45.767Z] ----------------------------------------------------------------------
[debug] [2026-09-19T17:02:45.771Z] Command:       /nix/store/aspnwxp3q1wvg8jd1zg0295zmhr3lkb3-nodejs-18.19.1/bin/node /nix/store/ffh7wfr8iwmjp4jlqhykaq11v43wiif7-firebase-tools-12.4.8/lib/node_modules/firebase-tools/lib/bin/firebase.js deploy
[debug] [2026-09-19T17:02:45.772Z] CLI Version:   12.4.8
[debug] [2026-09-19T17:02:45.773Z] Platform:      linux
[debug] [2026-09-19T17:02:45.773Z] Node Version:  v18.19.1
[debug] [2026-09-19T17:02:45.774Z] Time:          Sat Sep 19 2026 17:02:45 GMT+0000 (Coordinated Universal Time)
[debug] [2026-09-19T17:02:45.774Z] ----------------------------------------------------------------------
[debug] 
[debug] [2026-09-19T17:02:45.782Z] >>> [apiv2][query] GET https://firebase-public.firebaseio.com/cli.json [none]
[debug] [2026-09-19T17:02:45.980Z] Object ".firestore" in "firebase.json" has unknown property: {"additionalProperty":"location"}
[debug] [2026-09-19T17:02:45.980Z] Field ".firestore" in "firebase.json" is possibly invalid: should be array
[debug] [2026-09-19T17:02:45.980Z] Field ".firestore" in "firebase.json" is possibly invalid: should match some schema in anyOf
[debug] [2026-09-19T17:02:45.988Z] > command requires scopes: ["email","openid","https://www.googleapis.com/auth/cloudplatformprojects.readonly","https://www.googleapis.com/auth/firebase","https://www.googleapis.com/auth/cloud-platform"]
[debug] [2026-09-19T17:02:45.989Z] > authorizing via signed-in user (waelwasel37@gmail.com)
[debug] [2026-09-19T17:02:45.989Z] [iam] checking project dar-allughat-97483992-fc6c5 for permissions ["datastore.indexes.create","datastore.indexes.delete","datastore.indexes.list","datastore.indexes.update","firebase.projects.get","firebasehosting.sites.update","firebaserules.releases.create","firebaserules.releases.update","firebaserules.rulesets.create"]
[debug] [2026-09-19T17:02:45.990Z] >>> [apiv2][query] POST https://cloudresourcemanager.googleapis.com/v1/projects/dar-allughat-97483992-fc6c5:testIamPermissions [none]
[debug] [2026-09-19T17:02:45.990Z] >>> [apiv2][(partial)header] POST https://cloudresourcemanager.googleapis.com/v1/projects/dar-allughat-97483992-fc6c5:testIamPermissions x-goog-quota-user=projects/dar-allughat-97483992-fc6c5
[debug] [2026-09-19T17:02:45.990Z] >>> [apiv2][body] POST https://cloudresourcemanager.googleapis.com/v1/projects/dar-allughat-97483992-fc6c5:testIamPermissions {"permissions":["datastore.indexes.create","datastore.indexes.delete","datastore.indexes.list","datastore.indexes.update","firebase.projects.get","firebasehosting.sites.update","firebaserules.releases.create","firebaserules.releases.update","firebaserules.rulesets.create"]}
[debug] [2026-09-19T17:02:46.242Z] <<< [apiv2][status] GET https://firebase-public.firebaseio.com/cli.json 200
[debug] [2026-09-19T17:02:46.245Z] <<< [apiv2][body] GET https://firebase-public.firebaseio.com/cli.json {"cloudBuildErrorAfter":1594252800000,"cloudBuildWarnAfter":1590019200000,"defaultNode10After":1594252800000,"minVersion":"3.0.5","node8DeploysDisabledAfter":1613390400000,"node8RuntimeDisabledAfter":1615809600000,"node8WarnAfter":1600128000000}
[debug] [2026-09-19T17:02:46.648Z] <<< [apiv2][status] POST https://cloudresourcemanager.googleapis.com/v1/projects/dar-allughat-97483992-fc6c5:testIamPermissions 200
[debug] [2026-09-19T17:02:46.649Z] <<< [apiv2][body] POST https://cloudresourcemanager.googleapis.com/v1/projects/dar-allughat-97483992-fc6c5:testIamPermissions {"permissions":["datastore.indexes.create","datastore.indexes.delete","datastore.indexes.list","datastore.indexes.update","firebase.projects.get","firebasehosting.sites.update","firebaserules.releases.create","firebaserules.releases.update","firebaserules.rulesets.create"]}
[debug] [2026-09-19T17:02:46.656Z] >>> [apiv2][query] GET https://firebase.googleapis.com/v1beta1/projects/dar-allughat-97483992-fc6c5 [none]
[debug] [2026-09-19T17:02:46.914Z] <<< [apiv2][status] GET https://firebase.googleapis.com/v1beta1/projects/dar-allughat-97483992-fc6c5 200
[debug] [2026-09-19T17:02:46.915Z] <<< [apiv2][body] GET https://firebase.googleapis.com/v1beta1/projects/dar-allughat-97483992-fc6c5 {"projectId":"dar-allughat-97483992-fc6c5","projectNumber":"118615668327","displayName":"Firebase app","name":"projects/dar-allughat-97483992-fc6c5","resources":{"hostingSite":"dar-allughat-97483992-fc6c5"},"state":"ACTIVE","labels":{"firebase":"enabled","firebase/storage-default-bucket":"created","firebaseworkflows/environment":"production"},"etag":"1_6a0104da-8ccf-4d9b-b5b1-f0443fb3fa4c"}
[debug] [2026-09-19T17:02:54.732Z] defaultcredentials: writing to file /home/user/.config/firebase/waelwasel37_gmail_com_application_default_credentials.json
[debug] [2026-09-19T17:02:54.752Z] >>> [apiv2][query] GET https://firebasehosting.googleapis.com/v1beta1/projects/dar-allughat-97483992-fc6c5/sites pageToken=&pageSize=10
[debug] [2026-09-19T17:02:55.904Z] <<< [apiv2][status] GET https://firebasehosting.googleapis.com/v1beta1/projects/dar-allughat-97483992-fc6c5/sites 200
[debug] [2026-09-19T17:02:55.904Z] <<< [apiv2][body] GET https://firebasehosting.googleapis.com/v1beta1/projects/dar-allughat-97483992-fc6c5/sites {"sites":[{"name":"projects/dar-allughat-97483992-fc6c5/sites/dar-allughat-97483992-fc6c5","defaultUrl":"https://dar-allughat-97483992-fc6c5.web.app","type":"DEFAULT_SITE"}]}
[debug] [2026-09-19T17:02:55.906Z] >>> [apiv2][query] GET https://firebasehosting.googleapis.com/v1beta1/projects/dar-allughat-97483992-fc6c5/sites 
[debug] [2026-09-19T17:02:56.960Z] <<< [apiv2][status] GET https://firebasehosting.googleapis.com/v1beta1/projects/dar-allughat-97483992-fc6c5/sites 200
[debug] [2026-09-19T17:02:56.961Z] <<< [apiv2][body] GET https://firebasehosting.googleapis.com/v1beta1/projects/dar-allughat-97483992-fc6c5/sites {"sites":[{"name":"projects/dar-allughat-97483992-fc6c5/sites/dar-allughat-97483992-fc6c5","defaultUrl":"https://dar-allughat-97483992-fc6c5.web.app","type":"DEFAULT_SITE"}]}
[debug] [2026-09-19T17:02:56.961Z] >>> [apiv2][query] GET https://firebase.googleapis.com/v1beta1/projects/dar-allughat-97483992-fc6c5/webApps/-/config [none]
[debug] [2026-09-19T17:02:57.512Z] <<< [apiv2][status] GET https://firebase.googleapis.com/v1beta1/projects/dar-allughat-97483992-fc6c5/webApps/-/config 200
[debug] [2026-09-19T17:02:57.512Z] <<< [apiv2][body] GET https://firebase.googleapis.com/v1beta1/projects/dar-allughat-97483992-fc6c5/webApps/-/config {"projectId":"dar-allughat-97483992-fc6c5","storageBucket":"dar-allughat-97483992-fc6c5.firebasestorage.app","apiKey":"AIzaSyCCIEDq0zK0fnhp0EdWz4d9DJvIE5Tvwcc","authDomain":"dar-allughat-97483992-fc6c5.firebaseapp.com","messagingSenderId":"118615668327","projectNumber":"118615668327","version":"2"}
[info] 
   Thank you for trying our early preview of Next.js support on Firebase Hosting.
   During the preview, support is best-effort and breaking changes can be expected. Proceed with caution.

   Documentation: https://firebase.google.com/docs/hosting/frameworks/nextjs
   File a bug: https://github.com/firebase/firebase-tools/issues/new?template=bug_report.md
   Submit a feature request: https://github.com/firebase/firebase-tools/issues/new?template=feature_request.md

   We'd love to learn from you. Express your interest in helping us shape the future of Firebase Hosting: https://goo.gle/41enW5X

[info]   ▲ Next.js 14.2.35

[info]   - Environments: .env.local, .env.production, .env


[info]    Creating an optimized production build ...

[info]  ✓ Compiled successfully

[info]    Skipping validation of types

[info]    Skipping linting

[info]    Collecting page data ...

[info] Error: Cannot find module '@google-cloud/firestore'
Require stack:
- /home/user/dar-allughat/node_modules/firebase-admin/lib/firestore/index.js
    at Module._resolveFilename (node:internal/modules/cjs/loader:1144:15)
    at /home/user/dar-allughat/node_modules/next/dist/server/require-hook.js:55:36
    at Module._load (node:internal/modules/cjs/loader:985:27)
    at Module.require (node:internal/modules/cjs/loader:1235:19)
    at mod.require (/home/user/dar-allughat/node_modules/next/dist/server/require-hook.js:65:28)
    at require (node:internal/modules/helpers:176:18)
    at Object.<anonymous> (/home/user/dar-allughat/node_modules/firebase-admin/lib/firestore/index.js:24:19)
    at Module._compile (node:internal/modules/cjs/loader:1376:14)
    at Module._extensions..js (node:internal/modules/cjs/loader:1435:10)
    at Module.load (node:internal/modules/cjs/loader:1207:32) {
  code: 'MODULE_NOT_FOUND',
  requireStack: [
    '/home/user/dar-allughat/node_modules/firebase-admin/lib/firestore/index.js'
  ]
}

[info] Error [ERR_REQUIRE_ESM]: require() of ES Module /home/user/dar-allughat/node_modules/jose/dist/webapi/index.js from /home/user/dar-allughat/node_modules/jwks-rsa/src/utils.js not supported.
Instead change the require of index.js in /home/user/dar-allughat/node_modules/jwks-rsa/src/utils.js to a dynamic import() which is available in all CommonJS modules.
    at mod.require (/home/user/dar-allughat/node_modules/next/dist/server/require-hook.js:65:28)
    at Object.<anonymous> (/home/user/dar-allughat/node_modules/jwks-rsa/src/utils.js:1:14) {
  code: 'ERR_REQUIRE_ESM'
}

[info] 
> Build error occurred

[info] Error: Failed to collect page data for /api/factory-supplies/[id]
    at /home/user/dar-allughat/node_modules/next/dist/build/utils.js:1269:15 {
  type: 'Error'
}

[debug] [2026-09-19T17:03:43.183Z] Error: ENOENT: no such file or directory, open '/home/user/dar-allughat/.next/export-marker.json'
[error] 
[error] Error: An unexpected error has occurred.
[debug] [2026-09-19T17:53:29.756Z] ----------------------------------------------------------------------
[debug] [2026-09-19T17:53:29.760Z] Command:       /nix/store/aspnwxp3q1wvg8jd1zg0295zmhr3lkb3-nodejs-18.19.1/bin/node /nix/store/ffh7wfr8iwmjp4jlqhykaq11v43wiif7-firebase-tools-12.4.8/lib/node_modules/firebase-tools/lib/bin/firebase.js deploy
[debug] [2026-09-19T17:53:29.762Z] CLI Version:   12.4.8
[debug] [2026-09-19T17:53:29.762Z] Platform:      linux
[debug] [2026-09-19T17:53:29.762Z] Node Version:  v18.19.1
[debug] [2026-09-19T17:53:29.763Z] Time:          Sat Sep 19 2026 17:53:29 GMT+0000 (Coordinated Universal Time)
[debug] [2026-09-19T17:53:29.764Z] ----------------------------------------------------------------------
[debug] 
[debug] [2026-09-19T17:53:29.895Z] Object ".firestore" in "firebase.json" has unknown property: {"additionalProperty":"location"}
[debug] [2026-09-19T17:53:29.896Z] Field ".firestore" in "firebase.json" is possibly invalid: should be array
[debug] [2026-09-19T17:53:29.896Z] Field ".firestore" in "firebase.json" is possibly invalid: should match some schema in anyOf
[debug] [2026-09-19T17:53:29.926Z] > command requires scopes: ["email","openid","https://www.googleapis.com/auth/cloudplatformprojects.readonly","https://www.googleapis.com/auth/firebase","https://www.googleapis.com/auth/cloud-platform"]
[debug] [2026-09-19T17:53:29.927Z] > authorizing via signed-in user (waelwasel37@gmail.com)
[debug] [2026-09-19T17:53:29.927Z] [iam] checking project dar-allughat-97483992-fc6c5 for permissions ["datastore.indexes.create","datastore.indexes.delete","datastore.indexes.list","datastore.indexes.update","firebase.projects.get","firebasehosting.sites.update","firebaserules.releases.create","firebaserules.releases.update","firebaserules.rulesets.create"]
[debug] [2026-09-19T17:53:29.929Z] > refreshing access token with scopes: []
[debug] [2026-09-19T17:53:29.931Z] >>> [apiv2][query] POST https://www.googleapis.com/oauth2/v3/token [none]
[debug] [2026-09-19T17:53:29.932Z] >>> [apiv2][body] POST https://www.googleapis.com/oauth2/v3/token [omitted]
[debug] [2026-09-19T17:53:30.107Z] <<< [apiv2][status] POST https://www.googleapis.com/oauth2/v3/token 200
[debug] [2026-09-19T17:53:30.111Z] <<< [apiv2][body] POST https://www.googleapis.com/oauth2/v3/token [omitted]
[debug] [2026-09-19T17:53:30.142Z] >>> [apiv2][query] POST https://cloudresourcemanager.googleapis.com/v1/projects/dar-allughat-97483992-fc6c5:testIamPermissions [none]
[debug] [2026-09-19T17:53:30.143Z] >>> [apiv2][(partial)header] POST https://cloudresourcemanager.googleapis.com/v1/projects/dar-allughat-97483992-fc6c5:testIamPermissions x-goog-quota-user=projects/dar-allughat-97483992-fc6c5
[debug] [2026-09-19T17:53:30.143Z] >>> [apiv2][body] POST https://cloudresourcemanager.googleapis.com/v1/projects/dar-allughat-97483992-fc6c5:testIamPermissions {"permissions":["datastore.indexes.create","datastore.indexes.delete","datastore.indexes.list","datastore.indexes.update","firebase.projects.get","firebasehosting.sites.update","firebaserules.releases.create","firebaserules.releases.update","firebaserules.rulesets.create"]}
[debug] [2026-09-19T17:53:30.779Z] <<< [apiv2][status] POST https://cloudresourcemanager.googleapis.com/v1/projects/dar-allughat-97483992-fc6c5:testIamPermissions 200
[debug] [2026-09-19T17:53:30.779Z] <<< [apiv2][body] POST https://cloudresourcemanager.googleapis.com/v1/projects/dar-allughat-97483992-fc6c5:testIamPermissions {"permissions":["datastore.indexes.create","datastore.indexes.delete","datastore.indexes.list","datastore.indexes.update","firebase.projects.get","firebasehosting.sites.update","firebaserules.releases.create","firebaserules.releases.update","firebaserules.rulesets.create"]}
[debug] [2026-09-19T17:53:30.781Z] >>> [apiv2][query] GET https://firebase.googleapis.com/v1beta1/projects/dar-allughat-97483992-fc6c5 [none]
[debug] [2026-09-19T17:53:31.053Z] <<< [apiv2][status] GET https://firebase.googleapis.com/v1beta1/projects/dar-allughat-97483992-fc6c5 200
[debug] [2026-09-19T17:53:31.054Z] <<< [apiv2][body] GET https://firebase.googleapis.com/v1beta1/projects/dar-allughat-97483992-fc6c5 {"projectId":"dar-allughat-97483992-fc6c5","projectNumber":"118615668327","displayName":"Firebase app","name":"projects/dar-allughat-97483992-fc6c5","resources":{"hostingSite":"dar-allughat-97483992-fc6c5"},"state":"ACTIVE","labels":{"firebase":"enabled","firebase/storage-default-bucket":"created","firebaseworkflows/environment":"production"},"etag":"1_6a0104da-8ccf-4d9b-b5b1-f0443fb3fa4c"}
[debug] [2026-09-19T17:53:37.084Z] defaultcredentials: writing to file /home/user/.config/firebase/waelwasel37_gmail_com_application_default_credentials.json
[debug] [2026-09-19T17:53:37.110Z] >>> [apiv2][query] GET https://firebasehosting.googleapis.com/v1beta1/projects/dar-allughat-97483992-fc6c5/sites pageToken=&pageSize=10
[debug] [2026-09-19T17:53:38.243Z] <<< [apiv2][status] GET https://firebasehosting.googleapis.com/v1beta1/projects/dar-allughat-97483992-fc6c5/sites 200
[debug] [2026-09-19T17:53:38.244Z] <<< [apiv2][body] GET https://firebasehosting.googleapis.com/v1beta1/projects/dar-allughat-97483992-fc6c5/sites {"sites":[{"name":"projects/dar-allughat-97483992-fc6c5/sites/dar-allughat-97483992-fc6c5","defaultUrl":"https://dar-allughat-97483992-fc6c5.web.app","type":"DEFAULT_SITE"}]}
[debug] [2026-09-19T17:53:38.245Z] >>> [apiv2][query] GET https://firebasehosting.googleapis.com/v1beta1/projects/dar-allughat-97483992-fc6c5/sites 
[debug] [2026-09-19T17:53:39.274Z] <<< [apiv2][status] GET https://firebasehosting.googleapis.com/v1beta1/projects/dar-allughat-97483992-fc6c5/sites 200
[debug] [2026-09-19T17:53:39.274Z] <<< [apiv2][body] GET https://firebasehosting.googleapis.com/v1beta1/projects/dar-allughat-97483992-fc6c5/sites {"sites":[{"name":"projects/dar-allughat-97483992-fc6c5/sites/dar-allughat-97483992-fc6c5","defaultUrl":"https://dar-allughat-97483992-fc6c5.web.app","type":"DEFAULT_SITE"}]}
[debug] [2026-09-19T17:53:39.275Z] >>> [apiv2][query] GET https://firebase.googleapis.com/v1beta1/projects/dar-allughat-97483992-fc6c5/webApps/-/config [none]
[debug] [2026-09-19T17:53:40.016Z] <<< [apiv2][status] GET https://firebase.googleapis.com/v1beta1/projects/dar-allughat-97483992-fc6c5/webApps/-/config 200
[debug] [2026-09-19T17:53:40.017Z] <<< [apiv2][body] GET https://firebase.googleapis.com/v1beta1/projects/dar-allughat-97483992-fc6c5/webApps/-/config {"projectId":"dar-allughat-97483992-fc6c5","storageBucket":"dar-allughat-97483992-fc6c5.firebasestorage.app","apiKey":"AIzaSyCCIEDq0zK0fnhp0EdWz4d9DJvIE5Tvwcc","authDomain":"dar-allughat-97483992-fc6c5.firebaseapp.com","messagingSenderId":"118615668327","projectNumber":"118615668327","version":"2"}
[info] 
   Thank you for trying our early preview of Next.js support on Firebase Hosting.
   During the preview, support is best-effort and breaking changes can be expected. Proceed with caution.

   Documentation: https://firebase.google.com/docs/hosting/frameworks/nextjs
   File a bug: https://github.com/firebase/firebase-tools/issues/new?template=bug_report.md
   Submit a feature request: https://github.com/firebase/firebase-tools/issues/new?template=feature_request.md

   We'd love to learn from you. Express your interest in helping us shape the future of Firebase Hosting: https://goo.gle/41enW5X

[info]   ▲ Next.js 14.2.35
  - Environments: .env.local, .env.production, .env

[info] 

[info]    Creating an optimized production build ...

[info]  ✓ Compiled successfully

[info]    Skipping validation of types
   Skipping linting

[info]    Collecting page data ...

[info] Error [ERR_REQUIRE_ESM]: require() of ES Module /home/user/dar-allughat/node_modules/jwks-rsa/node_modules/jose/dist/webapi/index.js from /home/user/dar-allughat/node_modules/jwks-rsa/src/utils.js not supported.
Instead change the require of index.js in /home/user/dar-allughat/node_modules/jwks-rsa/src/utils.js to a dynamic import() which is available in all CommonJS modules.
    at mod.require (/home/user/dar-allughat/node_modules/next/dist/server/require-hook.js:65:28)
    at Object.<anonymous> (/home/user/dar-allughat/node_modules/jwks-rsa/src/utils.js:1:14) {
  code: 'ERR_REQUIRE_ESM'
}

[info] 
> Build error occurred

[info] Error: Failed to collect page data for /api/factory-supplies/[id]
    at /home/user/dar-allughat/node_modules/next/dist/build/utils.js:1269:15 {
  type: 'Error'
}

[debug] [2026-09-19T17:54:31.609Z] Error: ENOENT: no such file or directory, open '/home/user/dar-allughat/.next/export-marker.json'
[error] 
[error] Error: An unexpected error has occurred.
